Load Map - Wed Mar 27 19:23:30 GMT 2019

Main class:       FollowWallV2
Classes:          62
Interfaces:       7
Methods:          159
Constants:        91
Instance fields:  100
Static fields:    30
Static data size: 133
Code size:        8366
Start address:    8000
End address:      a0ad

80f6 80f7 java.lang.Object.<init>()
80fc 810f java.lang.Object.getClass()
8119 812d java.lang.Object.clone()
8137 815b java.lang.Object.toString()
8242 8253 java.lang.Thread.run()
8258 825e java.lang.Thread.setName(java.lang.String)
8262 828d java.lang.Thread.sleep(long)
8291 8296 java.lang.Thread.<clinit>()
82a4 82aa java.lang.Thread.<init>()
82b3 82cb java.lang.Thread.<init>(java.lang.Runnable)
82cf 82ee java.lang.Thread.<init>(java.lang.Runnable, java.lang.String)
82f8 8328 java.lang.Thread.toString()
832d 8332 java.lang.Thread.getName()
838c 83cb com.ridgesoft.intellibrain.StartupThread.run()
8417 8421 java.lang.String.createString(byte[])
8425 8434 java.lang.String.<init>(byte[], int)
8439 8444 java.lang.String.getBytes()
8448 8459 java.lang.String.<init>()
845d 8472 java.lang.String.<init>(byte[])
8477 847d java.lang.String.length()
8482 84a4 java.lang.String.getBytes(int, int, byte[], int)
84a8 84d8 java.lang.String.<init>(char[], int, int)
84dc 8506 java.lang.String.<init>(byte[], int, int)
850a 850f java.lang.String.valueOf(java.lang.Object)
8514 8516 java.lang.String.toString()
85aa 86a8 java.lang.Throwable.vmThrow(int)
86b4 86d9 java.lang.Throwable.<init>()
86e6 878b java.lang.Throwable.printStackTrace()
878f 87b6 java.lang.Throwable.<clinit>()
87bf 87c7 java.lang.Throwable.init()
87d3 8815 java.lang.Throwable.<init>(java.lang.String)
88bb 88c5 java.lang.InternalError.<init>()
88c9 88d4 java.lang.InternalError.<init>(java.lang.String)
8903 890d java.lang.OutOfMemoryError.<init>()
8911 891c java.lang.OutOfMemoryError.<init>(java.lang.String)
894d 8957 java.lang.StackOverflowError.<init>()
895b 8966 java.lang.StackOverflowError.<init>(java.lang.String)
8d6b 8deb FollowWallV2.main(java.lang.String[])
8def 8e25 FollowWallV2.followRightWallV2()
8e29 8e43 FollowWallV2.rotateWall()
8e47 8e5e FollowWallV2.move(int, int)
8e62 8e8d FollowWallV2.rotate90()
8e99 8ea7 FollowWallV2.wait(int)
8edb 8ef1 java.io.OutputStream.write(byte[])
8efb 8efc java.io.OutputStream.flush()
8f01 8f1f java.io.OutputStream.write(byte[], int, int)
8f5a 8f64 java.io.FilterOutputStream.<init>(java.io.OutputStream)
8f69 8f72 java.io.FilterOutputStream.write(byte[])
8f77 8f80 java.io.FilterOutputStream.write(int)
8f85 8f8d java.io.FilterOutputStream.flush()
8f92 8f9d java.io.FilterOutputStream.write(byte[], int, int)
8fd0 8fdb java.io.PrintStream.<init>(java.io.OutputStream)
8fe0 8fea java.io.PrintStream.println(java.lang.String)
8ff7 900e java.io.PrintStream.print(java.lang.String)
901b 9035 java.io.PrintStream.println()
906f 907e com.ridgesoft.io.OutputStreamTee.<init>(java.io.OutputStream, java.io.OutputStream)
9092 90ab com.ridgesoft.io.OutputStreamTee.write(byte[])
90bf 90d8 com.ridgesoft.io.OutputStreamTee.write(int)
90ec 9103 com.ridgesoft.io.OutputStreamTee.flush()
9117 9134 com.ridgesoft.io.OutputStreamTee.write(byte[], int, int)
9183 91e6 com.ridgesoft.io.DisplayOutputStream.<init>(com.ridgesoft.io.Display)
91ea 91f7 com.ridgesoft.io.DisplayOutputStream.<clinit>()
91fc 9205 com.ridgesoft.io.DisplayOutputStream.write(byte[])
920a 9257 com.ridgesoft.io.DisplayOutputStream.write(int)
925c 9288 com.ridgesoft.io.DisplayOutputStream.flush()
928d 9299 com.ridgesoft.io.DisplayOutputStream.write(byte[], int, int)
929d 931b com.ridgesoft.io.DisplayOutputStream.scroll()
9364 9369 com.ridgesoft.vm.DebugOutputStream.<clinit>()
936e 9377 com.ridgesoft.vm.DebugOutputStream.write(byte[])
937c 93c5 com.ridgesoft.vm.DebugOutputStream.write(int)
93d2 93f3 com.ridgesoft.vm.DebugOutputStream.flush()
93f8 9404 com.ridgesoft.vm.DebugOutputStream.write(byte[], int, int)
9427 942b com.ridgesoft.vm.VM.getDebugOutputStream()
9439 9448 com.ridgesoft.vm.VM.<clinit>()
9451 9460 com.ridgesoft.vm.VM.isSet(int, int)
94a1 94b8 com.ridgesoft.intellibrain.IntelliBrain.getOutputStream()
94bc 94d0 com.ridgesoft.intellibrain.IntelliBrain.getLcdDisplay()
94d4 9517 com.ridgesoft.intellibrain.IntelliBrain.getServo(int)
951b 95b0 com.ridgesoft.intellibrain.IntelliBrain.getDigitalIO(int)
95b4 966f com.ridgesoft.intellibrain.IntelliBrain.getPinPortData(byte)
9673 967a com.ridgesoft.intellibrain.IntelliBrain.<clinit>()
9686 972c com.ridgesoft.intellibrain.IntelliBrain.initialize()
975d 9762 java.lang.System.setOut(java.io.PrintStream)
9766 976b java.lang.System.setErr(java.io.PrintStream)
97de 97fc com.ridgesoft.robotics.ContinuousRotationServo.<init>(com.ridgesoft.robotics.Servo, boolean, int)
9801 987e com.ridgesoft.robotics.ContinuousRotationServo.setPower(int)
9883 988d com.ridgesoft.robotics.ContinuousRotationServo.brake()
98ea 98fc com.ridgesoft.robotics.SonarRangeFinder.getDistanceCm()
9930 9944 com.ridgesoft.robotics.sensors.ParallaxPing.<init>(com.ridgesoft.robotics.PulseInput)
9949 9958 com.ridgesoft.robotics.sensors.ParallaxPing.ping()
995d 9978 com.ridgesoft.robotics.sensors.ParallaxPing.getEchoDelay()
99ae 99b8 com.ridgesoft.io.Display.print(int, java.lang.String)
99bd 99f1 com.ridgesoft.io.Display.print(int, byte[])
99f6 99fb com.ridgesoft.io.Display.getWidth()
9a00 9a05 com.ridgesoft.io.Display.getHeight()
9a09 9a1a com.ridgesoft.io.Display.<init>(int, int)
9a54 9a5c com.ridgesoft.intellibrain.IntelliBrainDisplay.<init>()
9a61 9a68 com.ridgesoft.intellibrain.IntelliBrainDisplay.printChar(int, int, byte)
9a93 9a98 java.lang.Class.getName()
9a9c 9aa6 java.lang.Class.<init>(java.lang.String)
9b0e 9b29 java.lang.StringBuilder.<init>(java.lang.String)
9b2e 9b57 java.lang.StringBuilder.append(java.lang.String)
9b5c 9b6d java.lang.StringBuilder.toString()
9b72 9bab java.lang.StringBuilder.ensureCapacity(int)
9bb0 9c0b java.lang.StringBuilder.append(int)
9c10 9c3d java.lang.StringBuilder.append(char[], int, int)
9c41 9c53 java.lang.StringBuilder.<init>()
9c58 9c6a java.lang.StringBuilder.append(boolean)
9c91 9cd5 java.lang.Integer.toHexString(int)
9cda 9ce2 java.lang.Integer.toString()
9ce6 9cf5 java.lang.Integer.toString(int)
9d31 9d3c com.ridgesoft.intellibrain.IntelliBrainServo.<init>(int)
9d41 9d4a com.ridgesoft.intellibrain.IntelliBrainServo.off()
9d4f 9d58 com.ridgesoft.intellibrain.IntelliBrainServo.setPosition(int)
9dd3 9de2 com.ridgesoft.intellibrain.IntelliBrainPinPort.<init>(com.ridgesoft.intellibrain.IntelliBrainPinPortData)
9e5b 9e6b com.ridgesoft.intellibrain.IntelliBrainDigitalIO.<init>(com.ridgesoft.intellibrain.IntelliBrainPinPortData, boolean)
9e70 9ea9 com.ridgesoft.intellibrain.IntelliBrainDigitalIO.enablePulseMeasurement(boolean)
9eb3 9ede com.ridgesoft.intellibrain.IntelliBrainDigitalIO.pulse(int)
9ee8 9efd com.ridgesoft.intellibrain.IntelliBrainDigitalIO.readPulseDuration()
9f02 9f0a com.ridgesoft.intellibrain.IntelliBrainDigitalIO.toString()
9f14 9f3f com.ridgesoft.intellibrain.IntelliBrainDigitalIO.isSet()
9f7c 9f88 com.ridgesoft.intellibrain.IntelliBrainExpDigitalIO.<init>(com.ridgesoft.intellibrain.IntelliBrainPinPortData)
a03b a05b com.ridgesoft.intellibrain.IntelliBrainPinPortData.<init>(byte, short, short, short, byte)
a092 a0a1 java.lang.Boolean.toString(boolean)
a0a6 a0ae java.lang.Boolean.toString()
